
> capacitor-app@1.0.0 build
> vite build

[36mvite v5.4.21 [32mbuilding for production...[36m[39m
transforming...
[32m✓[39m 2 modules transformed.
[31mx[39m Build failed in 46ms
[31merror during build:
[31m[vite]: Rollup failed to resolve import "/src/main.tsx" from "C:/Users/sasare/Desktop/github/2025/playground_app/src/index.html".
This is most likely unintended because it can break your application at runtime.
If you do want to externalize this module explicitly add it to
`build.rollupOptions.external`[31m
    at viteWarn (file:///C:/Users/sasare/Desktop/github/2025/playground_app/node_modules/vite/dist/node/chunks/dep-BK3b2jBa.js:65855:17)
    at onwarn (file:///C:/Users/sasare/Desktop/github/2025/playground_app/node_modules/@vitejs/plugin-react/dist/index.js:76:7)
    at onRollupWarning (file:///C:/Users/sasare/Desktop/github/2025/playground_app/node_modules/vite/dist/node/chunks/dep-BK3b2jBa.js:65885:5)
    at onwarn (file:///C:/Users/sasare/Desktop/github/2025/playground_app/node_modules/vite/dist/node/chunks/dep-BK3b2jBa.js:65550:7)
    at file:///C:/Users/sasare/Desktop/github/2025/playground_app/node_modules/rollup/dist/es/shared/node-entry.js:21095:13
    at Object.logger [as onLog] (file:///C:/Users/sasare/Desktop/github/2025/playground_app/node_modules/rollup/dist/es/shared/node-entry.js:22968:9)
    at ModuleLoader.handleInvalidResolvedId (file:///C:/Users/sasare/Desktop/github/2025/playground_app/node_modules/rollup/dist/es/shared/node-entry.js:21712:26)
    at file:///C:/Users/sasare/Desktop/github/2025/playground_app/node_modules/rollup/dist/es/shared/node-entry.js:21670:26[39m
